0.000000000000000000e+00 1.559048717994945044e+01 1.250157065204871238e-03 -9.417820082790787639e-01
0.000000000000000000e+00 2.016409678366206037e+01 1.067550259529726278e-03 -3.118620764963663916e+00
0.000000000000000000e+00 1.678296976201120927e+01 7.555385025632184058e-04 3.104312397224382014e+00
0.000000000000000000e+00 1.428957835921962172e+01 6.384654143987907341e-04 -1.536813720463194199e+00
0.000000000000000000e+00 1.285176025040525971e+01 3.980822120352023991e-04 2.146179931947316710e+00
