0.000000000000000000e+00 1.666625861307561296e+00 1.279192671566744014e-03 1.150279962274860956e+00
0.000000000000000000e+00 1.785716559983365537e+00 1.189770512222783220e-03 -2.483925299808853904e+00
0.000000000000000000e+00 1.724149553286902226e+00 1.165035835454561247e-03 -2.718997464330323299e-01
